================================================================================
MULTI-MODEL GENERATION TEST SUITE
================================================================================

Querying available models and templates...
[2025-10-17 02:40:07,899] INFO in logging_config: SocketIO initialized successfully
[2025-10-17 02:40:07,899] INFO in logging_config: Extensions initialized with containerized testing services support
[tasks] No disabled analysis models configured

Found 3 enabled models:
  - claude-haiku-4.5 (anthropic_claude-4.5-haiku-20251001)
  - gemini-2.5-flash-preview-09-2025 (google_gemini-2.5-flash-preview-09-2025)
  - gpt-5-mini (openai_gpt-5-mini-2025-08-07)

Found 1 templates:
  - #1: Todo App

================================================================================
Running 3 test cases...
================================================================================

================================================================================
Testing: anthropic_claude-4.5-haiku-20251001 / Template 1 / App 901
================================================================================

1. Setting up scaffolding...
   [OK] Scaffolding ready

2. Generating backend...
   [FAIL] Exception: Working outside of application context.

This typically means that you attempted to use functionality that needed
the current application. To solve this, set up an application context
with app.app_context(). See the documentation for more information.

3. Generating frontend...
   [FAIL] Exception: Working outside of application context.

This typically means that you attempted to use functionality that needed
the current application. To solve this, set up an application context
with app.app_context(). See the documentation for more information.

4. Validation Summary:

================================================================================
Testing: google_gemini-2.5-flash-preview-09-2025 / Template 1 / App 902
================================================================================

1. Setting up scaffolding...
   [OK] Scaffolding ready

2. Generating backend...
   [FAIL] Exception: Working outside of application context.

This typically means that you attempted to use functionality that needed
the current application. To solve this, set up an application context
with app.app_context(). See the documentation for more information.

3. Generating frontend...
   [FAIL] Exception: Working outside of application context.

This typically means that you attempted to use functionality that needed
the current application. To solve this, set up an application context
with app.app_context(). See the documentation for more information.

4. Validation Summary:

================================================================================
Testing: openai_gpt-5-mini-2025-08-07 / Template 1 / App 903
================================================================================

1. Setting up scaffolding...
   [OK] Scaffolding ready

2. Generating backend...
   [FAIL] Exception: Working outside of application context.

This typically means that you attempted to use functionality that needed
the current application. To solve this, set up an application context
with app.app_context(). See the documentation for more information.

3. Generating frontend...
   [FAIL] Exception: Working outside of application context.

This typically means that you attempted to use functionality that needed
the current application. To solve this, set up an application context
with app.app_context(). See the documentation for more information.

4. Validation Summary:

================================================================================
TEST RESULTS ANALYSIS
================================================================================

Overall Success Rate: 0/3 (0.0%)

Backend:
  Generation Success: 0/3 (0.0%)
  Validation Pass: 0/3 (0.0%)

Frontend:
  Generation Success: 0/3 (0.0%)
  Validation Pass: 0/3 (0.0%)

Common Issues:
  No validation errors!

================================================================================
RECOMMENDATIONS
================================================================================

1. Backend Issues:
   - Review backend template for missing dependency instructions
   - Check if models are following requirements.txt format
   - Consider adding more examples to template

2. Frontend Issues:
   - Review frontend template for package.json requirements
   - Ensure API URL patterns are clear
   - Check React best practices in template

Detailed results saved to: C:\Users\grabowmar\Desktop\ThesisAppRework\results\test\generation_test_20251017_024014.json
